{
  "github:gem": "664",
  "github:java": "1214",
  "github:npm": "2161",
  "github:python": "2004",
  "nvdv2:cves": "167985",
  "alpine:3.10": "2499",
  "alpine:3.11": "2739",
  "alpine:3.12": "3162",
  "alpine:3.13": "3556",
  "alpine:3.2": "305",
  "alpine:3.3": "472",
  "alpine:3.4": "682",
  "alpine:3.5": "951",
  "alpine:3.6": "1131",
  "alpine:3.7": "1530",
  "alpine:3.8": "1770",
  "alpine:3.9": "2110",
  "amzn:2": "6652",
  "debian:10": "20776",
  "debian:11": "20888",
  "debian:7": "19404",
  "debian:8": "21940",
  "debian:9": "22841",
  "debian:unstable": "23099",
  "ol:5": "7860",
  "ol:6": "10633",
  "ol:7": "13526",
  "ol:8": "6329",
  "rhel:5": "9806",
  "rhel:6": "8579",
  "rhel:7": "9202",
  "rhel:8": "3654",
  "ubuntu:12.04": "11621",
  "ubuntu:12.10": "3946",
  "ubuntu:13.04": "2320",
  "ubuntu:14.04": "14010",
  "ubuntu:14.10": "3645",
  "ubuntu:15.04": "4394",
  "ubuntu:15.10": "5296",
  "ubuntu:16.04": "15420",
  "ubuntu:16.10": "4733",
  "ubuntu:17.04": "4756",
  "ubuntu:17.10": "3914",
  "ubuntu:18.04": "15838",
  "ubuntu:18.10": "3605",
  "ubuntu:19.04": "4796",
  "ubuntu:19.10": "4151",
  "ubuntu:20.04": "4846",
  "ubuntu:20.10": "3370",
  "ubuntu:21.04": "2487"
}
